[
  "digitalocean_app",
  "digitalocean_byoip_prefix",
  "digitalocean_cdn",
  "digitalocean_certificate",
  "digitalocean_container_registries",
  "digitalocean_container_registry",
  "digitalocean_container_registry_docker_credentials",
  "digitalocean_custom_image",
  "digitalocean_database_cluster",
  "digitalocean_database_connection_pool",
  "digitalocean_database_db",
  "digitalocean_database_firewall",
  "digitalocean_database_kafka_config",
  "digitalocean_database_kafka_schema_registry",
  "digitalocean_database_kafka_topic",
  "digitalocean_database_logsink_opensearch",
  "digitalocean_database_logsink_rsyslog",
  "digitalocean_database_mongodb_config",
  "digitalocean_database_mysql_config",
  "digitalocean_database_online_migration",
  "digitalocean_database_opensearch_config",
  "digitalocean_database_postgresql_config",
  "digitalocean_database_redis_config",
  "digitalocean_database_replica",
  "digitalocean_database_user",
  "digitalocean_database_valkey_config",
  "digitalocean_domain",
  "digitalocean_droplet",
  "digitalocean_droplet_autoscale",
  "digitalocean_droplet_snapshot",
  "digitalocean_firewall",
  "digitalocean_floating_ip",
  "digitalocean_floating_ip_assignment",
  "digitalocean_gradientai_agent",
  "digitalocean_gradientai_agent_knowledge_base_attachment",
  "digitalocean_gradientai_agent_route",
  "digitalocean_gradientai_function",
  "digitalocean_gradientai_indexing_job_cancel",
  "digitalocean_gradientai_knowledge_base",
  "digitalocean_gradientai_knowledge_base_data_source",
  "digitalocean_gradientai_openai_api_key",
  "digitalocean_kubernetes_cluster",
  "digitalocean_kubernetes_node_pool",
  "digitalocean_loadbalancer",
  "digitalocean_monitor_alert",
  "digitalocean_nfs",
  "digitalocean_nfs_attachment",
  "digitalocean_nfs_snapshot",
  "digitalocean_partner_attachment",
  "digitalocean_project",
  "digitalocean_project_resources",
  "digitalocean_record",
  "digitalocean_reserved_ip",
  "digitalocean_reserved_ip_assignment",
  "digitalocean_reserved_ipv6",
  "digitalocean_reserved_ipv6_assignment",
  "digitalocean_spaces_bucket",
  "digitalocean_spaces_bucket_cors_configuration",
  "digitalocean_spaces_bucket_logging",
  "digitalocean_spaces_bucket_object",
  "digitalocean_spaces_bucket_policy",
  "digitalocean_spaces_key",
  "digitalocean_ssh_key",
  "digitalocean_tag",
  "digitalocean_uptime_alert",
  "digitalocean_uptime_check",
  "digitalocean_volume",
  "digitalocean_volume_attachment",
  "digitalocean_volume_snapshot",
  "digitalocean_vpc",
  "digitalocean_vpc_nat_gateway",
  "digitalocean_vpc_peering"
]
